// Jest Snapshot v1, https://goo.gl/fbAQLP

exports[`getUserParams should return correctly formatted object for dynamodb insertion 1`] = `
Object {
  "Item": Object {
    "applyReason": Object {
      "S": "testing fun",
    },
    "authenticationProviderId": Object {
      "S": "some-user-pool-id",
    },
    "createdAt": Object {
      "S": "2022-08-17T16:28:33.316Z",
    },
    "createdBy": Object {
      "S": "_system_",
    },
    "email": Object {
      "S": "test@email.com",
    },
    "encryptedCreds": Object {
      "S": "N/A",
    },
    "firstName": Object {
      "S": "Test",
    },
    "identityProviderName": Object {
      "S": "Authorizer",
    },
    "isAdmin": Object {
      "BOOL": false,
    },
    "isExternalUser": Object {
      "BOOL": true,
    },
    "isNativePoolUser": Object {
      "BOOL": false,
    },
    "isSamlAuthenticatedUser": Object {
      "BOOL": true,
    },
    "lastName": Object {
      "S": "Tester",
    },
    "ns": Object {
      "S": "Authorizer||||some-user-pool-id",
    },
    "projectId": Object {
      "L": Array [],
    },
    "rev": Object {
      "S": "1",
    },
    "status": Object {
      "S": "pending",
    },
    "uid": Object {
      "S": "12345",
    },
    "userRole": Object {
      "S": "",
    },
    "username": Object {
      "S": "test@email.com",
    },
  },
  "TableName": "some-table",
}
`;
