// Jest Snapshot v1, https://goo.gl/fbAQLP

exports[`registerUser should attempt to add user to the database with correct params 1`] = `
Array [
  Array [
    Object {
      "Item": Object {
        "applyReason": "Testing",
        "authenticationProviderId": "some pool id",
        "createdAt": "2016-06-20T12:08:10.000Z",
        "createdBy": "_system_",
        "email": "test@email.com",
        "encryptedCreds": "N/A",
        "firstName": "Test",
        "identityProviderName": "Test IDP",
        "isAdmin": false,
        "isExternalUser": true,
        "isNativePoolUser": false,
        "isSamlAuthenticatedUser": true,
        "lastName": "Tester",
        "ns": "Test IDP||||some pool id",
        "projectId": Array [],
        "rev": "1",
        "status": "pending",
        "uid": "12345",
        "userRole": undefined,
        "username": "test@email.com",
      },
      "TableName": "Users",
    },
  ],
]
`;

exports[`registerUser should log error message on database failure 1`] = `"[[\\"An error occured while registering user.\\",\\"Some database error\\"]]"`;

exports[`registerUser should log the user id that was successfull created 1`] = `"[[\\"Successfully registered user 12345.\\"]]"`;

exports[`registerUser should return a message on success 1`] = `"{\\"message\\":\\"Successfully registered user 12345.\\"}"`;
